========================================
Dashboard Verification - Day 18
Date: Sun Feb 15 22:48:53 IST 2026
========================================

Test 1: Listing all dashboards...
{
    "DashboardEntries": [
        {
            "DashboardName": "operations-dashboard",
            "DashboardArn": "arn:aws:cloudwatch::000000000000:dashboard/operations-dashboard",
            "LastModified": "2026-02-15T17:02:13.240002+00:00",
            "Size": 225
        }
    ]
}

Test 2: Getting operations dashboard details...
Dashboard retrieved successfully

Test 3: Analyzing dashboard structure...
Total widgets: 16

Test 4: Widget breakdown...
Traceback (most recent call last):
  File "<stdin>", line 4, in <module>
  File "/usr/lib/python3.12/json/__init__.py", line 346, in loads
    return _default_decoder.decode(s)
           ^^^^^^^^^^^^^^^^^^^^^^^^^^
  File "/usr/lib/python3.12/json/decoder.py", line 337, in decode
    obj, end = self.raw_decode(s, idx=_w(s, 0).end())
               ^^^^^^^^^^^^^^^^^^^^^^^^^^^^^^^^^^^^^^
  File "/usr/lib/python3.12/json/decoder.py", line 355, in raw_decode
    raise JSONDecodeError("Expecting value", s, err.value) from None
json.decoder.JSONDecodeError: Expecting value: line 1 column 1 (char 0)

========================================
Dashboard verification complete
========================================
