==================================================
SSM Runbook Validation - Day 32
==================================================

Testing: CustomEC2HealthCheck
  Name        : CustomEC2HealthCheck
  Status      : Active
  DocType     : Command
  SchemaVer   : 2.2
  PASS

Testing: CustomStopIdleInstances
  Name        : CustomStopIdleInstances
  Status      : Active
  DocType     : Command
  SchemaVer   : 2.2
  PASS

Testing: CustomSecurityPatch
  Name        : CustomSecurityPatch
  Status      : Active
  DocType     : Command
  SchemaVer   : 2.2
  PASS

Testing: CustomBackupAndVerify
  Name        : CustomBackupAndVerify
  Status      : Active
  DocType     : Command
  SchemaVer   : 2.2
  PASS

==================================================
Results: 4 passed, 0 failed
==================================================
