Day 10/95 - CloudFormation Nested Stacks Automation (Fixed)
===========================================================

Step 1: Checking prerequisites...
  LocalStack is running

Step 2: Verifying existing VPC stack...
  VPC stack is ready: CREATE_COMPLETE

Step 3: Getting VPC stack outputs...
  VPC ID: vpc-09577ddeb245ff0ba
  Public Subnet 1: subnet-66b9085fb93780bc6
  Public Subnet 2: subnet-e57c96f416d515d6f
  Note: Using public subnets (acceptable for LocalStack learning)

Step 4: Checking for existing RDS stack...
  RDS stack already exists with status: CREATE_COMPLETE
  Deleting old stack...
  Waiting for stack deletion...
  Old stack deleted

Step 5: Validating RDS template...
  Template is valid

Step 6: Deploying RDS nested stack...
{
    "StackId": "arn:aws:cloudformation:us-east-1:000000000000:stack/rds-nested-dev/842f83e7-4031-4ea6-8774-8b5d6837d88f"
}
  Stack creation initiated

Step 7: Waiting for stack creation (this may take a few minutes)...
  Stack created successfully!

Step 8: RDS Stack Outputs:
  DBInstanceEndpoint: unknown
  DBInstancePort: unknown
  DBName: myappdb
  DBSecurityGroupId: sg-2fedb9721b3d6c759

Step 9: RDS Stack Resources:
  DBSubnetGroup (AWS::RDS::DBSubnetGroup): CREATE_COMPLETE
  DBSecurityGroup (AWS::EC2::SecurityGroup): CREATE_COMPLETE
  DBInstance (AWS::RDS::DBInstance): CREATE_COMPLETE

Step 10: Testing Exports:
  rds-nested-dev-DBEndpoint: unknown
  rds-nested-dev-DBPort: unknown
  rds-nested-dev-DBName: myappdb
  rds-nested-dev-DBSecurityGroup: sg-2fedb9721b3d6c759

==========================================
Day 10 Tasks Completed Successfully!
==========================================

Deployed:
  - RDS nested stack: rds-nested-dev
  - Database: PostgreSQL 13.7
  - Instance class: db.t3.micro
  - Storage: 20 GB
  - Multi-AZ: Disabled (dev environment)

Connected to VPC:
  - VPC Stack: vpc-multi-env-dev
  - VPC ID: vpc-09577ddeb245ff0ba
  - Subnets: 2 public (using for LocalStack demo)

