========================================
Local Security Scanning - Day 27
Date: Tue Feb 24 20:35:28 IST 2026
========================================

Step 1: Building Docker image...
  Image built successfully

Step 2: Running Trivy container scan...
2026-02-24T20:35:34+05:30	INFO	[vuln] Vulnerability scanning is enabled
2026-02-24T20:35:34+05:30	INFO	[secret] Secret scanning is enabled
2026-02-24T20:35:34+05:30	INFO	[secret] If your scanning is slow, please try '--scanners vuln' to disable secret scanning
2026-02-24T20:35:34+05:30	INFO	[secret] Please see https://trivy.dev/docs/v0.69/guide/scanner/secret#recommendation for faster secret detection
2026-02-24T20:35:34+05:30	INFO	Detected OS	family="debian" version="13.3"
2026-02-24T20:35:34+05:30	INFO	[debian] Detecting vulnerabilities...	os_version="13" pkg_num=87
2026-02-24T20:35:34+05:30	INFO	Number of language-specific files	num=1
2026-02-24T20:35:34+05:30	INFO	[python-pkg] Detecting vulnerabilities...
2026-02-24T20:35:34+05:30	WARN	Using severities from other vendors for some vulnerabilities. Read https://trivy.dev/docs/v0.69/guide/scanner/vulnerability#severity-selection for details.
2026-02-24T20:35:34+05:30	INFO	Table result includes only package filenames. Use '--format json' option to get the full path to the package file.

Report Summary

┌──────────────────────────────────────────────────────────────────────────────────┬────────────┬─────────────────┬─────────┐
│                                      Target                                      │    Type    │ Vulnerabilities │ Secrets │
├──────────────────────────────────────────────────────────────────────────────────┼────────────┼─────────────────┼─────────┤
│ myapp:scan (debian 13.3)                                                         │   debian   │        2        │    -    │
├──────────────────────────────────────────────────────────────────────────────────┼────────────┼─────────────────┼─────────┤
│ usr/local/lib/python3.11/site-packages/PyYAML-6.0.1.dist-info/METADATA           │ python-pkg │        0        │    -    │
├──────────────────────────────────────────────────────────────────────────────────┼────────────┼─────────────────┼─────────┤
│ usr/local/lib/python3.11/site-packages/blinker-1.9.0.dist-info/METADATA          │ python-pkg │        0        │    -    │
├──────────────────────────────────────────────────────────────────────────────────┼────────────┼─────────────────┼─────────┤
│ usr/local/lib/python3.11/site-packages/boto3-1.34.0.dist-info/METADATA           │ python-pkg │        0        │    -    │
├──────────────────────────────────────────────────────────────────────────────────┼────────────┼─────────────────┼─────────┤
│ usr/local/lib/python3.11/site-packages/botocore-1.34.162.dist-info/METADATA      │ python-pkg │        0        │    -    │
├──────────────────────────────────────────────────────────────────────────────────┼────────────┼─────────────────┼─────────┤
│ usr/local/lib/python3.11/site-packages/certifi-2026.1.4.dist-info/METADATA       │ python-pkg │        0        │    -    │
├──────────────────────────────────────────────────────────────────────────────────┼────────────┼─────────────────┼─────────┤
│ usr/local/lib/python3.11/site-packages/charset_normalizer-3.4.4.dist-info/METAD- │ python-pkg │        0        │    -    │
│ ATA                                                                              │            │                 │         │
├──────────────────────────────────────────────────────────────────────────────────┼────────────┼─────────────────┼─────────┤
│ usr/local/lib/python3.11/site-packages/click-8.3.1.dist-info/METADATA            │ python-pkg │        0        │    -    │
├──────────────────────────────────────────────────────────────────────────────────┼────────────┼─────────────────┼─────────┤
│ usr/local/lib/python3.11/site-packages/flask-3.0.0.dist-info/METADATA            │ python-pkg │        0        │    -    │
├──────────────────────────────────────────────────────────────────────────────────┼────────────┼─────────────────┼─────────┤
│ usr/local/lib/python3.11/site-packages/idna-3.11.dist-info/METADATA              │ python-pkg │        0        │    -    │
├──────────────────────────────────────────────────────────────────────────────────┼────────────┼─────────────────┼─────────┤
│ usr/local/lib/python3.11/site-packages/itsdangerous-2.2.0.dist-info/METADATA     │ python-pkg │        0        │    -    │
├──────────────────────────────────────────────────────────────────────────────────┼────────────┼─────────────────┼─────────┤
│ usr/local/lib/python3.11/site-packages/jinja2-3.1.6.dist-info/METADATA           │ python-pkg │        0        │    -    │
├──────────────────────────────────────────────────────────────────────────────────┼────────────┼─────────────────┼─────────┤
│ usr/local/lib/python3.11/site-packages/jmespath-1.1.0.dist-info/METADATA         │ python-pkg │        0        │    -    │
├──────────────────────────────────────────────────────────────────────────────────┼────────────┼─────────────────┼─────────┤
│ usr/local/lib/python3.11/site-packages/markupsafe-3.0.3.dist-info/METADATA       │ python-pkg │        0        │    -    │
├──────────────────────────────────────────────────────────────────────────────────┼────────────┼─────────────────┼─────────┤
│ usr/local/lib/python3.11/site-packages/pip-24.0.dist-info/METADATA               │ python-pkg │        0        │    -    │
├──────────────────────────────────────────────────────────────────────────────────┼────────────┼─────────────────┼─────────┤
│ usr/local/lib/python3.11/site-packages/python_dateutil-2.9.0.post0.dist-info/ME- │ python-pkg │        0        │    -    │
│ TADATA                                                                           │            │                 │         │
├──────────────────────────────────────────────────────────────────────────────────┼────────────┼─────────────────┼─────────┤
│ usr/local/lib/python3.11/site-packages/requests-2.31.0.dist-info/METADATA        │ python-pkg │        0        │    -    │
├──────────────────────────────────────────────────────────────────────────────────┼────────────┼─────────────────┼─────────┤
│ usr/local/lib/python3.11/site-packages/s3transfer-0.9.0.dist-info/METADATA       │ python-pkg │        0        │    -    │
├──────────────────────────────────────────────────────────────────────────────────┼────────────┼─────────────────┼─────────┤
│ usr/local/lib/python3.11/site-packages/setuptools-79.0.1.dist-info/METADATA      │ python-pkg │        0        │    -    │
├──────────────────────────────────────────────────────────────────────────────────┼────────────┼─────────────────┼─────────┤
│ usr/local/lib/python3.11/site-packages/setuptools/_vendor/autocommand-2.2.2.dis- │ python-pkg │        0        │    -    │
│ t-info/METADATA                                                                  │            │                 │         │
├──────────────────────────────────────────────────────────────────────────────────┼────────────┼─────────────────┼─────────┤
│ usr/local/lib/python3.11/site-packages/setuptools/_vendor/backports.tarfile-1.2- │ python-pkg │        0        │    -    │
│ .0.dist-info/METADATA                                                            │            │                 │         │
├──────────────────────────────────────────────────────────────────────────────────┼────────────┼─────────────────┼─────────┤
│ usr/local/lib/python3.11/site-packages/setuptools/_vendor/importlib_metadata-8.- │ python-pkg │        0        │    -    │
│ 0.0.dist-info/METADATA                                                           │            │                 │         │
├──────────────────────────────────────────────────────────────────────────────────┼────────────┼─────────────────┼─────────┤
│ usr/local/lib/python3.11/site-packages/setuptools/_vendor/inflect-7.3.1.dist-in- │ python-pkg │        0        │    -    │
│ fo/METADATA                                                                      │            │                 │         │
├──────────────────────────────────────────────────────────────────────────────────┼────────────┼─────────────────┼─────────┤
│ usr/local/lib/python3.11/site-packages/setuptools/_vendor/jaraco.collections-5.- │ python-pkg │        0        │    -    │
│ 1.0.dist-info/METADATA                                                           │            │                 │         │
├──────────────────────────────────────────────────────────────────────────────────┼────────────┼─────────────────┼─────────┤
│ usr/local/lib/python3.11/site-packages/setuptools/_vendor/jaraco.context-5.3.0.- │ python-pkg │        1        │    -    │
│ dist-info/METADATA                                                               │            │                 │         │
├──────────────────────────────────────────────────────────────────────────────────┼────────────┼─────────────────┼─────────┤
│ usr/local/lib/python3.11/site-packages/setuptools/_vendor/jaraco.functools-4.0.- │ python-pkg │        0        │    -    │
│ 1.dist-info/METADATA                                                             │            │                 │         │
├──────────────────────────────────────────────────────────────────────────────────┼────────────┼─────────────────┼─────────┤
│ usr/local/lib/python3.11/site-packages/setuptools/_vendor/jaraco.text-3.12.1.di- │ python-pkg │        0        │    -    │
│ st-info/METADATA                                                                 │            │                 │         │
├──────────────────────────────────────────────────────────────────────────────────┼────────────┼─────────────────┼─────────┤
│ usr/local/lib/python3.11/site-packages/setuptools/_vendor/more_itertools-10.3.0- │ python-pkg │        0        │    -    │
│ .dist-info/METADATA                                                              │            │                 │         │
├──────────────────────────────────────────────────────────────────────────────────┼────────────┼─────────────────┼─────────┤
│ usr/local/lib/python3.11/site-packages/setuptools/_vendor/packaging-24.2.dist-i- │ python-pkg │        0        │    -    │
│ nfo/METADATA                                                                     │            │                 │         │
├──────────────────────────────────────────────────────────────────────────────────┼────────────┼─────────────────┼─────────┤
│ usr/local/lib/python3.11/site-packages/setuptools/_vendor/platformdirs-4.2.2.di- │ python-pkg │        0        │    -    │
│ st-info/METADATA                                                                 │            │                 │         │
├──────────────────────────────────────────────────────────────────────────────────┼────────────┼─────────────────┼─────────┤
│ usr/local/lib/python3.11/site-packages/setuptools/_vendor/tomli-2.0.1.dist-info- │ python-pkg │        0        │    -    │
│ /METADATA                                                                        │            │                 │         │
├──────────────────────────────────────────────────────────────────────────────────┼────────────┼─────────────────┼─────────┤
│ usr/local/lib/python3.11/site-packages/setuptools/_vendor/typeguard-4.3.0.dist-- │ python-pkg │        0        │    -    │
│ info/METADATA                                                                    │            │                 │         │
├──────────────────────────────────────────────────────────────────────────────────┼────────────┼─────────────────┼─────────┤
│ usr/local/lib/python3.11/site-packages/setuptools/_vendor/typing_extensions-4.1- │ python-pkg │        0        │    -    │
│ 2.2.dist-info/METADATA                                                           │            │                 │         │
├──────────────────────────────────────────────────────────────────────────────────┼────────────┼─────────────────┼─────────┤
│ usr/local/lib/python3.11/site-packages/setuptools/_vendor/wheel-0.45.1.dist-inf- │ python-pkg │        1        │    -    │
│ o/METADATA                                                                       │            │                 │         │
├──────────────────────────────────────────────────────────────────────────────────┼────────────┼─────────────────┼─────────┤
│ usr/local/lib/python3.11/site-packages/setuptools/_vendor/zipp-3.19.2.dist-info- │ python-pkg │        0        │    -    │
│ /METADATA                                                                        │            │                 │         │
├──────────────────────────────────────────────────────────────────────────────────┼────────────┼─────────────────┼─────────┤
│ usr/local/lib/python3.11/site-packages/six-1.17.0.dist-info/METADATA             │ python-pkg │        0        │    -    │
├──────────────────────────────────────────────────────────────────────────────────┼────────────┼─────────────────┼─────────┤
│ usr/local/lib/python3.11/site-packages/urllib3-2.6.3.dist-info/METADATA          │ python-pkg │        0        │    -    │
├──────────────────────────────────────────────────────────────────────────────────┼────────────┼─────────────────┼─────────┤
│ usr/local/lib/python3.11/site-packages/werkzeug-3.1.6.dist-info/METADATA         │ python-pkg │        0        │    -    │
├──────────────────────────────────────────────────────────────────────────────────┼────────────┼─────────────────┼─────────┤
│ usr/local/lib/python3.11/site-packages/wheel-0.45.1.dist-info/METADATA           │ python-pkg │        1        │    -    │
└──────────────────────────────────────────────────────────────────────────────────┴────────────┴─────────────────┴─────────┘
Legend:
- '-': Not scanned
- '0': Clean (no security findings detected)


myapp:scan (debian 13.3)
========================
Total: 2 (HIGH: 2, CRITICAL: 0)

┌──────────┬───────────────┬──────────┬──────────┬───────────────────┬───────────────┬──────────────────────────────────────────────────────────────┐
│ Library  │ Vulnerability │ Severity │  Status  │ Installed Version │ Fixed Version │                            Title                             │
├──────────┼───────────────┼──────────┼──────────┼───────────────────┼───────────────┼──────────────────────────────────────────────────────────────┤
│ libc-bin │ CVE-2026-0861 │ HIGH     │ affected │ 2.41-12+deb13u1   │               │ glibc: Integer overflow in memalign leads to heap corruption │
│          │               │          │          │                   │               │ https://avd.aquasec.com/nvd/cve-2026-0861                    │
├──────────┤               │          │          │                   ├───────────────┤                                                              │
│ libc6    │               │          │          │                   │               │                                                              │
│          │               │          │          │                   │               │                                                              │
└──────────┴───────────────┴──────────┴──────────┴───────────────────┴───────────────┴──────────────────────────────────────────────────────────────┘

Python (python-pkg)
===================
Total: 3 (HIGH: 3, CRITICAL: 0)

┌───────────────────────────┬────────────────┬──────────┬────────┬───────────────────┬───────────────┬──────────────────────────────────────────────────────────────┐
│          Library          │ Vulnerability  │ Severity │ Status │ Installed Version │ Fixed Version │                            Title                             │
├───────────────────────────┼────────────────┼──────────┼────────┼───────────────────┼───────────────┼──────────────────────────────────────────────────────────────┤
│ jaraco.context (METADATA) │ CVE-2026-23949 │ HIGH     │ fixed  │ 5.3.0             │ 6.1.0         │ jaraco.context: jaraco.context: Path traversal via malicious │
│                           │                │          │        │                   │               │ tar archives                                                 │
│                           │                │          │        │                   │               │ https://avd.aquasec.com/nvd/cve-2026-23949                   │
├───────────────────────────┼────────────────┤          │        ├───────────────────┼───────────────┼──────────────────────────────────────────────────────────────┤
│ wheel (METADATA)          │ CVE-2026-24049 │          │        │ 0.45.1            │ 0.46.2        │ wheel: wheel: Privilege Escalation or Arbitrary Code         │
│                           │                │          │        │                   │               │ Execution via malicious wheel file...                        │
│                           │                │          │        │                   │               │ https://avd.aquasec.com/nvd/cve-2026-24049                   │
│                           │                │          │        │                   │               │                                                              │
│                           │                │          │        │                   │               │                                                              │
│                           │                │          │        │                   │               │                                                              │
│                           │                │          │        │                   │               │                                                              │
└───────────────────────────┴────────────────┴──────────┴────────┴───────────────────┴───────────────┴──────────────────────────────────────────────────────────────┘

📣 [34mNotices:[0m
  - Version 0.69.1 of Trivy is now available, current version is 0.69.0

To suppress version checks, run Trivy scans with the --skip-version-check flag

  Trivy scan complete

Step 3: Running Python dependency check...


+===========================================================================================================================================================================================+


DEPRECATED: this command (`check`) has been DEPRECATED, and will be unsupported beyond 01 June 2024.


We highly encourage switching to the new `scan` command which is easier to use, more powerful, and can be set up to mimic the deprecated command if required.


+===========================================================================================================================================================================================+


+==============================================================================+

                                   /$$$$$$            /$$
                                  /$$__  $$          | $$
               /$$$$$$$  /$$$$$$ | $$  \__//$$$$$$  /$$$$$$   /$$   /$$
              /$$_____/ |____  $$| $$$$   /$$__  $$|_  $$_/  | $$  | $$
             |  $$$$$$   /$$$$$$$| $$_/  | $$$$$$$$  | $$    | $$  | $$
              \____  $$ /$$__  $$| $$    | $$_____/  | $$ /$$| $$  | $$
              /$$$$$$$/|  $$$$$$$| $$    |  $$$$$$$  |  $$$$/|  $$$$$$$
             |_______/  \_______/|__/     \_______/   \___/   \____  $$
                                                              /$$  | $$
                                                             |  $$$$$$/
      by safetycli.com                                        \______/

+==============================================================================+

 REPORT 

  Safety v3.7.0 is scanning for Vulnerabilities...
  Scanning dependencies in your files:

  -> requirements.txt

  Using open-source vulnerability database
  Found and scanned 4 packages
  Timestamp 2026-02-24 20:35:41
  2 vulnerabilities reported
  0 vulnerabilities ignored

+==============================================================================+
 VULNERABILITIES FOUND
+==============================================================================+

-> Vulnerability found in requests version 2.31.0
   Vulnerability ID: 77680
   Affected spec: <2.32.4
   ADVISORY: Requests is an HTTP library. Due to a URL parsing issue,
   Requests releases prior to 2.32.4 may leak .netrc credentials to third...
   CVE-2024-47081
   For more information about this vulnerability, visit
   https://data.safetycli.com/v/77680/97c
   To ignore this vulnerability, use PyUp vulnerability id 77680 in safety’s
   ignore command-line argument or add the ignore to your safety policy file.


-> Vulnerability found in requests version 2.31.0
   Vulnerability ID: 71064
   Affected spec: <2.32.2
   ADVISORY: Affected versions of Requests, when making requests
   through a Requests `Session`, if the first request is made with...
   CVE-2024-35195
   For more information about this vulnerability, visit
   https://data.safetycli.com/v/71064/97c
   To ignore this vulnerability, use PyUp vulnerability id 71064 in safety’s
   ignore command-line argument or add the ignore to your safety policy file.


+==============================================================================+
   REMEDIATIONS

  2 vulnerabilities were reported in 1 package. For detailed remediation & 
  fix recommendations, upgrade to a commercial license. 

+==============================================================================+

 Scan was completed. 2 vulnerabilities were reported. 

+==============================================================================+


+===========================================================================================================================================================================================+


DEPRECATED: this command (`check`) has been DEPRECATED, and will be unsupported beyond 01 June 2024.


We highly encourage switching to the new `scan` command which is easier to use, more powerful, and can be set up to mimic the deprecated command if required.


+===========================================================================================================================================================================================+


  Safety check complete

Step 4: Running Bandit SAST scan...
[main]	INFO	profile include tests: None
[main]	INFO	profile exclude tests: None
[main]	INFO	cli include tests: None
[main]	INFO	cli exclude tests: None
[main]	INFO	running on Python 3.12.3
Run started:2026-02-24 15:05:42.424108+00:00

Test results:
>> Issue: [B104:hardcoded_bind_all_interfaces] Possible binding to all interfaces.
   Severity: Medium   Confidence: Medium
   CWE: CWE-605 (https://cwe.mitre.org/data/definitions/605.html)
   More Info: https://bandit.readthedocs.io/en/1.9.3/plugins/b104_hardcoded_bind_all_interfaces.html
   Location: security-scanning/app/main.py:23:17
22	if __name__ == '__main__':
23	    app.run(host='0.0.0.0', port=8000)

--------------------------------------------------

Code scanned:
	Total lines of code: 17
	Total lines skipped (#nosec): 0
	Total potential issues skipped due to specifically being disabled (e.g., #nosec BXXX): 0

Run metrics:
	Total issues (by severity):
		Undefined: 0
		Low: 0
		Medium: 1
		High: 0
	Total issues (by confidence):
		Undefined: 0
		Low: 0
		Medium: 1
		High: 0
Files skipped (0):
  Bandit scan complete

Step 5: Running tfsec on Terraform code...
  tfsec not installed. Install with: brew install tfsec

========================================
Security scanning complete
========================================
