========================================
Multi-environment Terraform Workspaces - Day 43
Date: Thu Mar 12 22:43:54 IST 2026
========================================

Terraform Workspaces Created:
  default   (existing)
  dev       (active)
  staging
  prod

S3 Backend:
  Bucket : aws-devops-tfstate-149152058755
  Key    : aws-free-tier/terraform.tfstate
  Region : us-east-1
  Encrypt: true

DynamoDB Lock Table:
  Name   : aws-devops-tfstate-lock
  Region : us-east-1

Environment Variable Files:
  environments/aws-free-tier/dev/terraform.tfvars     (10.1.0.0/16)
  environments/aws-free-tier/staging/terraform.tfvars (10.2.0.0/16)
  environments/aws-free-tier/prod/terraform.tfvars    (10.0.0.0/16)

Files Created:
  infrastructure/terraform/aws-free-tier/backend.tf
  infrastructure/terraform/aws-free-tier/locals.tf
  infrastructure/terraform/environments/aws-free-tier/dev/terraform.tfvars
  infrastructure/terraform/environments/aws-free-tier/staging/terraform.tfvars
  infrastructure/terraform/environments/aws-free-tier/prod/terraform.tfvars
  scripts/terraform-workspace-status.sh

Current Status:
  Active Workspace: dev
  Resources Deployed: None (setup only)

How to use workspaces:
  terraform workspace select dev    -> operate on dev state
  terraform workspace select prod   -> operate on prod state
  terraform apply -var-file="../environments/aws-free-tier/dev/terraform.tfvars"

Day 43 complete - Multi-environment Terraform workspaces setup
