=== Day 11/95 - Terraform Deployment Automation ===

Step 1: Initializing Terraform...
Initializing Terraform for dev environment...
[0m[1mInitializing the backend...[0m
[0m[1mInitializing modules...[0m
[0m[1mInitializing provider plugins...[0m
- Reusing previous version of hashicorp/aws from the dependency lock file
- Using previously-installed hashicorp/aws v5.100.0

[0m[1m[32mTerraform has been successfully initialized![0m[32m[0m
[0m[32m
You may now begin working with Terraform. Try running "terraform plan" to see
any changes that are required for your infrastructure. All Terraform commands
should now work.

If you ever set or change modules or backend configuration for Terraform,
rerun this command to reinitialize your working directory. If you forget, other
commands will detect it and remind you to do so if necessary.[0m
Terraform initialized successfully
State file: terraform-dev.tfstate

Step 2: Planning Terraform changes...
Planning Terraform changes for dev environment...
[0m[1mmodule.vpc.aws_vpc.main: Refreshing state... [id=vpc-d80320873e8b9a5ae][0m
[0m[1mmodule.vpc.aws_internet_gateway.main: Refreshing state... [id=igw-b095c19e275dbe469][0m
[0m[1mmodule.vpc.aws_subnet.public_2: Refreshing state... [id=subnet-49d64b586ccfb418d][0m
[0m[1mmodule.vpc.aws_subnet.public_1: Refreshing state... [id=subnet-dbcc7a5de79ea9ab2][0m
[0m[1mmodule.vpc.aws_route_table.public: Refreshing state... [id=rtb-64223b5e64f16d0a7][0m
[0m[1mmodule.vpc.aws_route_table_association.public_2: Refreshing state... [id=rtbassoc-e4b99a278509ce3d1][0m
[0m[1mmodule.vpc.aws_route_table_association.public_1: Refreshing state... [id=rtbassoc-592351fd7911dcdbf][0m

[0m[1m[32mNo changes.[0m[1m Your infrastructure matches the configuration.[0m

[0mTerraform has compared your real infrastructure against your configuration
and found no differences, so no changes are needed.

Plan saved to tfplan
Review the plan above before applying

Step 3: Applying Terraform configuration...
Applying Terraform configuration for dev environment...
[0m[1m[32m
Apply complete! Resources: 0 added, 0 changed, 0 destroyed.[0m
[0m[1m[32m
Outputs:

[0minternet_gateway_id = "igw-b095c19e275dbe469"
public_route_table_id = "rtb-64223b5e64f16d0a7"
public_subnet_1_id = "subnet-dbcc7a5de79ea9ab2"
public_subnet_2_id = "subnet-49d64b586ccfb418d"
vpc_cidr = "10.0.0.0/16"
vpc_id = "vpc-d80320873e8b9a5ae"

Terraform apply complete
Showing outputs:
internet_gateway_id = "igw-b095c19e275dbe469"
public_route_table_id = "rtb-64223b5e64f16d0a7"
public_subnet_1_id = "subnet-dbcc7a5de79ea9ab2"
public_subnet_2_id = "subnet-49d64b586ccfb418d"
vpc_cidr = "10.0.0.0/16"
vpc_id = "vpc-d80320873e8b9a5ae"

Step 4: Comparing CloudFormation vs Terraform...
Comparing CloudFormation vs Terraform outputs...

CloudFormation VPC (from Day 9):
EnvironmentType: dev
HighAvailability: Disabled
NATGatewayId: Not Created
PublicSubnet1Id: subnet-2c7f1aabb240d606d
PublicSubnet2Id: subnet-a2a7ec2e23b546932
SecurityProfile: Development - Open
VPCCidr: 10.0.0.0/16
VPCId: vpc-88d013c4649dbd0ec
WebSecurityGroupId: sg-9b95c55ce98d8b44f

Terraform VPC (Day 11):
internet_gateway_id: igw-b095c19e275dbe469
public_route_table_id: rtb-64223b5e64f16d0a7
public_subnet_1_id: subnet-dbcc7a5de79ea9ab2
public_subnet_2_id: subnet-49d64b586ccfb418d
vpc_cidr: 10.0.0.0/16
vpc_id: vpc-d80320873e8b9a5ae

Both VPCs should have similar structure but different IDs

=== Day 11 Automation Complete ===
Review the Terraform outputs and compare with CloudFormation
