========================================
Lambda Auto-Remediation - Day 49
Date: Wed Mar 18 16:37:38 IST 2026
========================================

Lambda Functions Created Today (3):
  auto-tag-ec2           : adds missing tags to EC2 instance
  s3-encryption-check    : checks S3 buckets for encryption, alerts via SNS
  rds-snapshot-cleanup   : deletes manual RDS snapshots older than 7 days

Lambda Functions Total (5):
  auto-stop-ec2              (Day 48)
  infrastructure-health-check (Day 48)
  auto-tag-ec2               (today)
  s3-encryption-check        (today)
  rds-snapshot-cleanup       (today)

EventBridge Rules Total (7):
  auto-stop-ec2-nightly   (Day 48) cron 11 PM UTC
  ec2-state-change-notify (Day 48) event pattern
  rds-events-notify       (Day 48) event pattern
  infra-health-check      (Day 48) rate 30 min
  daily-auto-tag          (today)  rate 1 day
  daily-s3-check          (today)  rate 1 day
  weekly-snapshot-cleanup (today)  rate 7 days

IAM Role: aws-devops-eventbridge-lambda-role
  Policies: AWSLambdaBasicExecutionRole
            ec2-stop-policy
            health-check-policy
            remediation-policy

Test Results:
  auto-tag-ec2        : PASSED - tags added/verified
  s3-encryption-check : PASSED - all buckets encrypted
  snapshot-cleanup    : PASSED - no old snapshots to delete

Files Created:
  infrastructure/terraform/aws-free-tier/modules/lambda-remediation/main.tf

Day 49 complete - Lambda auto-remediation on real AWS
