========================================
CloudWatch Dashboard Enhancement - Day 47
Date: Mon Mar 16 21:18:13 IST 2026
========================================

Dashboard: aws-devops-platform
URL: https://us-east-1.console.aws.amazon.com/cloudwatch/home#dashboards:name=aws-devops-platform

Widgets (7 total):
  1. EC2 CPU Utilization      (AWS/EC2, line chart)
  2. EC2 Memory Usage         (aws-devops/EC2, line chart)
  3. App Request Count        (aws-devops/App, line chart)
  4. App Error Count          (aws-devops/App, line chart)
  5. App Response Time        (aws-devops/App, line chart)
  6. RDS CPU Utilization      (AWS/RDS, line chart)
  7. Alarm Status             (all 8 alarms, status widget)

Free Tier Status:
  Dashboards     : 1/1 free
  Custom metrics : 5/10 used
  Alarms         : 8/10 used

Files Created:
  infrastructure/terraform/aws-free-tier/modules/dashboard/main.tf
  infrastructure/terraform/aws-free-tier/modules/dashboard/dashboard.json

Day 47 complete - CloudWatch dashboard enhancement
