======================================================================
COMPREHENSIVE SECURITY AUDIT - DAY 28
======================================================================

======================================================================
  IAM Security Audit
======================================================================
IAM Users: 0

IAM Roles: 0
Project Roles: 0

Custom Policies: 0

======================================================================
  Network Security Audit
======================================================================
VPCs: 1
  - vpc-95b9ad263291ce204: 172.31.0.0/16

Security Groups: 1

No risky security group rules found

Subnets: 6

======================================================================
  Encryption Audit
======================================================================
KMS Keys: 0

S3 Buckets: 0

======================================================================
  Logging Audit
======================================================================
CloudWatch Log Groups: 0

======================================================================
  SECURITY AUDIT SUMMARY
======================================================================

Total Checks: 4
  PASS:    4
  WARNING: 0
  FAIL:    0
  ERROR:   0

Findings by Category:

IAM:
  [PASS   ] 0 roles with least privilege

Network:
  [PASS   ] Security groups properly configured

Encryption:
  [PASS   ] All S3 buckets encrypted

Logging:
  [PASS   ] 0 log groups configured

Security Score: 100.0%

Report saved to: security-audit/reports/audit-report.json
======================================================================
