========================================
EventBridge Verification - Day 20
Date: Tue Feb 17 21:39:49 IST 2026
========================================

Test 1: Listing event buses...
----------------------------------------------------------------------------------------
|                                    ListEventBuses                                    |
+-----------------+--------------------------------------------------------------------+
|  default        |  arn:aws:events:us-east-1:000000000000:event-bus/default           |
|  myapp-event-bus|  arn:aws:events:us-east-1:000000000000:event-bus/myapp-event-bus   |
+-----------------+--------------------------------------------------------------------+

Test 2: Rules on default event bus...
-----------------------------------------------------------------------------------------------------------------------------------------------------------------------------------------
|                                                                                       ListRules                                                                                       |
+--------------------+----------+----------------------+--------------------------------------------------------------------------------------------------------------------------------+
|  weekly-report     |  ENABLED |  cron(0 9 ? * MON *) |  None                                                                                                                          |
|  app-health-check  |  ENABLED |  rate(5 minutes)     |  None                                                                                                                          |
|  metric-collection |  ENABLED |  rate(1 minute)      |  None                                                                                                                          |
|  alarm-state-change|  ENABLED |  None                |  {"detail":{"state":{"value":["ALARM"]}},"detail-type":["CloudWatch Alarm State Change"],"source":["aws.cloudwatch"]}          |
|  daily-cleanup     |  ENABLED |  cron(0 0 * * ? *)   |  None                                                                                                                          |
|  ec2-state-change  |  ENABLED |  None                |  {"detail":{"state":["stopped","terminated"]},"detail-type":["EC2 Instance State-change Notification"],"source":["aws.ec2"]}   |
+--------------------+----------+----------------------+--------------------------------------------------------------------------------------------------------------------------------+

Test 3: Rules on myapp-event-bus...
---------------------------------
|           ListRules           |
+-------------------+-----------+
|  app-error-event  |  ENABLED  |
|  deployment-event |  ENABLED  |
+-------------------+-----------+

Test 4: Targets for health check rule...
------------------------------------------------------------------------------------------------
|                                       ListTargetsByRule                                      |
+---------------------------------------+------------------------------------------------------+
|  terraform-20260217160333260900000002 |  arn:aws:sns:us-east-1:000000000000:critical-alerts  |
+---------------------------------------+------------------------------------------------------+

Test 5: Targets for alarm state change rule...
------------------------------------------------------------------------------------------------
|                                       ListTargetsByRule                                      |
+---------------------------------------+------------------------------------------------------+
|  terraform-20260217160333365100000004 |  arn:aws:sns:us-east-1:000000000000:critical-alerts  |
+---------------------------------------+------------------------------------------------------+

Test 6: Publishing test event...
{
    "FailedEntryCount": 0,
    "Entries": [
        {
            "EventId": "65091d48-b000-40a1-ba0d-139f5b121474"
        }
    ]
}

========================================
EventBridge Rule Summary:
  Default bus rules: 6
  Custom bus rules:  2
========================================
EventBridge verification complete
========================================
