========================================
Cost Allocation Tags - Day 53
Date: Sun Mar 22 22:43:52 IST 2026
========================================

Tag Standard Applied:
  Project     = aws-devops-platform
  Environment = dev
  ManagedBy   = manual
  Owner       = suchithra

Resources Tagged:
  EC2 Instances : 1
  S3 Buckets    : 1
  Lambda        : 5
  RDS           : 1
  SNS Topics    : 4

Tag Audit: scripts/tag-audit.sh - no missing tags

Billing:
  Cost allocation tag keys activated in console: Project, Environment, ManagedBy, Owner

Files Created:
  scripts/tag-audit.sh

Day 53 complete - Cost allocation tags on all resources
