========================================
Monitoring Stack Verification - Day 19
Date: Mon Feb 16 22:03:15 IST 2026
========================================

Test 1: Checking Prometheus...
✓ Prometheus is healthy
Active targets: 4
  ✗ localstack: down
  ✓ myapp: up
  ✓ node-exporter: up
  ✓ prometheus: up

Test 2: Checking Grafana...
✓ Grafana is healthy
  URL: http://localhost:3000
  Username: admin
  Password: admin

Test 3: Checking Node Exporter...
✓ Node Exporter is running
  Metrics available: ~494 node_* metrics

Test 4: Checking App Exporter...
✓ App Exporter is running
  Metrics available: 14 myapp_* metrics

Test 5: Querying Prometheus metrics...
Query successful: 4 results
  prometheus: 1
  myapp: 1
  node-exporter: 1

========================================
Monitoring stack verification complete
========================================

Access URLs:
  Prometheus: http://localhost:9090
  Grafana:    http://localhost:3000 (admin/admin)
  Node Exp:   http://localhost:9100/metrics
  App Exp:    http://localhost:8000/metrics
