======================================
Day 9/95 - Multi-Environment CloudFormation
======================================

Step 1: Validating template...
======================================
Validating CloudFormation Template
======================================

Step 1: Validating template syntax...
Template syntax is valid

Step 2: Checking condition logic...
Template contains the following conditions:
Conditions:
  IsProduction: !Equals [!Ref EnvironmentName, prod]

Step 3: Verifying parameter constraints...
Parameters:
  EnvironmentName:
    Description: Environment name (dev/prod)
    Type: String
    Default: dev
    AllowedValues:

======================================
Validation Complete
======================================

Step 2: Deploying both environments...
======================================
Deploying Both Environments
======================================

Deploying Dev Environment...

Waiting for changeset to be created..

No changes to deploy. Stack vpc-multi-env-dev is up to date
Dev deployment complete

Deploying Prod Environment...

Waiting for changeset to be created..

No changes to deploy. Stack vpc-multi-env-prod is up to date
Prod deployment complete

======================================
Both Environments Deployed
======================================

Step 3: Comparing environments...
======================================
Environment Comparison
======================================

DEV Environment:
----------------
EnvironmentType: dev
HighAvailability: Disabled
NATGatewayId: Not Created
PublicSubnet1Id: subnet-593c19d9ae2ee9da9
PublicSubnet2Id: subnet-37e895d94245a5c10
SecurityProfile: Development - Open
VPCCidr: 10.0.0.0/16
VPCId: vpc-20b49ffeb8ba83867
WebSecurityGroupId: sg-29189061564f9e10c

----------------

PROD Environment:
----------------
EnvironmentType: prod
HighAvailability: Disabled
NATGatewayId: Not Created
PublicSubnet1Id: subnet-88a84f949285d7794
PublicSubnet2Id: subnet-81e9ef5b342e6aa60
SecurityProfile: Production - Restricted
VPCCidr: 10.1.0.0/16
VPCId: vpc-58303aaf0f1b2189a
WebSecurityGroupId: sg-5fc6a42510127c77b

======================================

Step 4: Verifying condition logic...

Dev VPC CIDR: 10.0.0.0/16
Prod VPC CIDR: 10.1.0.0/16
✓ VPCs have different CIDRs - condition working correctly

Step 5: Environment-specific configuration verification...

Checking Dev Security Group SSH rule...
Dev SSH allowed from: 
⚠ Dev: SSH not fully open (expected 0.0.0.0/0, got )

Checking Prod Security Group SSH rule...
Prod SSH allowed from: 
⚠ Prod: SSH restriction (expected 10.1.0.0/16, got )

Step 6: Security profile outputs...

Dev Security Profile: Development - Open
Prod Security Profile: Production - Restricted

======================================
Day 9 Complete!
======================================

Summary:
- Dev environment: 10.0.0.0/16, Open SSH access
- Prod environment: 10.1.0.0/16, Restricted SSH access
- Both environments deployed from same template
- Conditions working correctly
- Security profiles different based on environment

Conditions Demonstrated:
✓ IsProduction condition controls SSH access
✓ Different VPC CIDRs per environment
✓ Different security profiles per environment
✓ Fn::If used for conditional property values
✓ Fn::Equals used for environment detection

Note: NAT Gateway and Flow Logs disabled for LocalStack compatibility
Conditions still work - they're just set to 'false' in both environments
