========================================
Week 9 Sprint Review - Day 63
Date: $(date +'%a %b %d %H:%M:%S %Z %Y')
Phase: Phase 2 — AWS Free Tier Deployment (COMPLETE)
========================================

Sprint Goal: Deploy all platform features on real AWS, stay within free tier


--- Features completed (Days 57-62) ---

Day 57 - Application-level monitoring
  Status  : DONE
  Outcome : CloudWatch custom metrics for app, dashboard enhanced

Day 58 - Log aggregation and analysis
  Status  : DONE
  Outcome : Centralized log analysis, CloudWatch Logs Insights queries

Day 59 - Security group audit and optimization
  Status  : DONE
  Outcome : sg-audit.sh created, SSH restricted to MY_IP/32, 0 CRITICAL findings

Day 60 - IAM role refinement
  Status  : DONE
  Outcome : iam-audit.sh created, least-privilege applied, MFA policy enforced

Day 61 - DR runbook automation
  Status  : DONE
  Outcome : recover-ec2.sh + recover-s3.sh created, dr-runbook.md written, DR AMI created

Day 62 - DynamoDB table creation (free tier)
  Status  : DONE
  Outcome : platform-audit-log table (1 RCU/1 WCU), PITR enabled, CFN template + audit-log.sh

--- Integration Test Results ---
  EC2 HTTP response    : PASS 
  DynamoDB write/read  : PASS 
  S3 bucket access     : PASS 
  CloudWatch alarms    : PASS
  audit-log.sh helper  : PASS 

--- Security Audit Results ---
  sg-audit.sh  : NO CRITICAL
  iam-audit.sh : NO CRITICAL

--- Cost Audit ---
  EC2        : within free tier (750h/month t2.micro)
  RDS        : within free tier / STOPPED
  DynamoDB   : 1/25 RCU, 1/25 WCU — 4% used
  S3         : < 5 GB
  Lambda     : < 1M invocations
  CloudWatch : < 10 alarms
  TOTAL COST : $0

--- Phase 2 Complete: Platform Summary ---
  VPC + subnets + IGW         : deployed (Day 36)
  EC2 t2.micro (NGINX + app)  : deployed (Day 37)
  RDS db.t2.micro PostgreSQL  : deployed (Day 38) 
  S3 + lifecycle policies     : deployed (Day 45)
  CloudWatch monitoring       : deployed (Days 39, 46, 47)
  SNS alerting                : deployed (Day 50)
  CloudTrail + Config         : deployed (Days 51, 52)
  CI/CD pipeline              : deployed (Day 41)
  Security hardening          : completed (Days 40, 59, 60)
  DR runbook                  : completed (Day 61)
  DynamoDB audit log          : deployed (Day 62)

Files Created This Sprint:
  scripts/sg-audit.sh
  scripts/iam-audit.sh
  scripts/audit-log.sh
  scripts/dr/recover-ec2.sh
  scripts/dr/recover-s3.sh
  infrastructure/dynamodb-audit-log.yaml
  docs/runbooks/dr-runbook.md

Week 9 Sprint COMPLETE
========================================
