======================================================================
WEEK 4 SECURITY SPRINT SUMMARY
Days 22-28: Security Hardening Complete
======================================================================

======================================================================
  Daily Tasks
======================================================================
  Day 22: IAM Roles & Least-Privilege Policies
  Day 23: Secrets Manager & KMS Encryption
  Day 24: VPC, Security Groups, NACLs, Flow Logs
  Day 25: AWS Config Rules & Compliance Monitoring
  Day 26: Security Auto-Remediation Lambdas
  Day 27: Security Scanning in CI/CD Pipeline
  Day 28: Security Audit & Penetration Testing

======================================================================
  Security Infrastructure Deployed
======================================================================

IAM:
  - 6 least-privilege policies
  - 4 service roles
  - Resource and action scoping
  - Condition-based restrictions

Secrets Management:
  - KMS encryption key
  - 4 Secrets Manager secrets
  - 5 SSM parameters
  - Secure credential storage

Network Security:
  - VPC with public/private subnets
  - 4 security groups
  - 2 network ACLs
  - VPC Flow Logs enabled

Compliance:
  - AWS Config recorder
  - 5 managed Config rules
  - S3 bucket for snapshots
  - Compliance monitoring active

Auto-Remediation:
  - 3 Lambda functions
  - Security group remediation
  - IAM policy remediation
  - S3 bucket remediation

DevSecOps:
  - GitHub Actions workflow
  - 6 security scanning jobs
  - Pre-commit hooks
  - Automated vulnerability detection

======================================================================
  Security Tools Integrated
======================================================================
  - TruffleHog (secret scanning)
  - Safety/pip-audit (dependency check)
  - Trivy (container scanning)
  - Bandit (SAST)
  - tfsec/Checkov (infrastructure scanning)
  - Hadolint (Dockerfile linting)

======================================================================
  Security Posture
======================================================================
  Authentication & Authorization:
    - Least privilege IAM policies
    - Service-specific roles
    - No hardcoded credentials

  Data Protection:
    - Encryption at rest (KMS)
    - Encryption in transit (TLS)
    - Secrets management

  Network Security:
    - Network segmentation (VPC)
    - Security group isolation
    - Traffic monitoring (Flow Logs)

  Monitoring & Response:
    - Centralized logging
    - Security alerts (SNS)
    - Auto-remediation (Lambda)

  Compliance:
    - Config rules monitoring
    - Automated compliance checks
    - Audit trail (CloudTrail ready)

  DevSecOps:
    - Security in CI/CD
    - Automated scanning
    - Shift-left security

======================================================================
WEEK 4 COMPLETE: Security Foundation Established
======================================================================
